// Jest Snapshot v1, https://goo.gl/fbAQLP

exports[`user login view should render without crashing 1`] = `
LoginView {
  "context": Object {},
  "handleSubmit": [Function],
  "onChange": [Function],
  "props": Object {},
  "refs": Object {},
  "state": Object {
    "errors": Object {},
    "password": "",
    "user_name": "",
  },
  "updater": Updater {
    "_callbacks": Array [],
    "_renderer": ReactShallowRenderer {
      "_context": Object {},
      "_didScheduleRenderPhaseUpdate": false,
      "_dispatcher": Object {
        "readContext": [Function],
        "useCallback": [Function],
        "useContext": [Function],
        "useDebugValue": [Function],
        "useEffect": [Function],
        "useImperativeHandle": [Function],
        "useLayoutEffect": [Function],
        "useMemo": [Function],
        "useReducer": [Function],
        "useRef": [Function],
        "useState": [Function],
      },
      "_element": <LoginView />,
      "_firstWorkInProgressHook": null,
      "_forcedUpdate": false,
      "_instance": [Circular],
      "_isReRender": false,
      "_newState": null,
      "_numberOfReRenders": 0,
      "_renderPhaseUpdates": null,
      "_rendered": <div>
        <LoginForm
          onChange={[Function]}
          onSubmit={[Function]}
        />
      </div>,
      "_rendering": false,
      "_updater": [Circular],
      "_workInProgressHook": null,
    },
  },
}
`;
